Microchip MPLAB XC8 Compiler V2.35

Linker command line:

-W-3 --edf=C:\Program Files\Microchip\xc8\v2.35\pic\dat\en_msgs.txt -cn \
  -h+dist/default/production\MASTER_LAB4_S2.X.production.sym \
  --cmf=dist/default/production\MASTER_LAB4_S2.X.production.cmf -z -Q16F887 \
  -oC:\Users\COMPUF~1\AppData\Local\Temp\xcAs284.4 --defsym=__MPLAB_BUILD=1 \
  -Mdist/default/production/MASTER_LAB4_S2.X.production.map \
  --md=C:\Users\COMPUF~1\AppData\Local\Temp\xcAs284.dat -E1 \
  -ver=XC8 Compiler --acfsm=1493 -ACODE=00h-07FFhx4 -ASTRCODE=00h-01FFFh \
  -ASTRING=00h-0FFhx32 -ACONST=00h-0FFhx32 -AENTRY=00h-0FFhx32 \
  -ACOMMON=070h-07Fh -ABANK0=020h-06Fh -ABANK1=0A0h-0EFh \
  -ABANK2=0110h-016Fh -ABANK3=0190h-01EFh \
  -ARAM=020h-06Fh,0A0h-0EFh,0110h-016Fh,0190h-01EFh \
  -AABS1=020h-07Fh,0A0h-0EFh,0110h-016Fh,0190h-01EFh -ASFR0=00h-01Fh \
  -ASFR1=080h-09Fh -ASFR2=0100h-010Fh -ASFR3=0180h-018Fh \
  -ACONFIG=02007h-02008h -DCONFIG=2 -AIDLOC=02000h-02003h -DIDLOC=2 \
  -AEEDATA=00h-0FFh/02100h -peeprom_data=EEDATA -DEEDATA=2 -DCODE=2 \
  -DSTRCODE=2 -DSTRING=2 -DCONST=2 -DENTRY=2 \
  -preset_vec=00h,intentry=04h,init,end_init -ppowerup=CODE -pcinit=CODE \
  -pfunctab=ENTRY -k C:\Users\COMPUF~1\AppData\Local\Temp\xcAs284.o \
  dist/default/production\MASTER_LAB4_S2.X.production.o 

Object code version is 3.11

Machine type is 16F887



                Name                               Link     Load   Length Selector   Space Scale
C:\Users\COMPUF~1\AppData\Local\Temp\xcAs284.o
                end_init                              C        C        3        8       0
                reset_vec                             0        0        3        0       0
                config                             2007     2007        2        0       4
                idloc                              2000     2000        4        0       5
dist/default/production\MASTER_LAB4_S2.X.production.o
                cinit                                 F        F       16        8       0
                intentry                              4        4        8        8       0
                config                             2007     2007        2        0       4
                idloc                              2000     2000        4        0       5
                text31                             107F     107F        7     20FE       0
                text30                              800      800        D     1000       0
                text29                             11F5     11F5       3C     23EA       0
                text28                             108E     108E        9     211C       0
                text27                             1097     1097        9     212E       0
                text26                             10A0     10A0        9     2140       0
                text25                             10A9     10A9        A     2152       0
                text24                             1079     1079        6     20F2       0
                text23                             10C9     10C9       1A     2192       0
                text22                             10E3     10E3       24     21C6       0
                text21                             10B3     10B3       16     2166       0
                text20                             112B     112B       25     2256       0
                text19                             1367     1367       68     26CE       0
                text18                             1183     1183       38     2306       0
                text17                             12B9     12B9       47     2572       0
                text16                             1150     1150       33     22A0       0
                text15                             1231     1231       44     2462       0
                text14                             143A     143A       91     2874       0
                text13                             1623     1623      1DD     2C46       0
                text12                              7D6      7D6       27        8       0
                text11                               25       25      529        8       0
                text10                              54E      54E      288        8       0
                text9                              1107     1107       24     220E       0
                text8                              14CB     14CB       9C     2996       0
                text7                              1275     1275       44     24EA       0
                text6                              11BB     11BB       3A     2376       0
                text5                              1567     1567       BC     2ACE       0
                text4                               866      866      335     10CC       0
                text3                              1300     1300       67     2600       0
                text2                               80D      80D       59     101A       0
                text1                              13CF     13CF       6B     279E       0
                maintext                            B9B      B9B      465     1736       0
                cstackBANK0                          20       20       4F       20       1
                cstackCOMMON                         70       70        C       70       1
                cstackBANK1                          A0       A0       2F       A0       1
                clrtext                            1086     1086        8     210C       0
                bssBANK3                            190      190        8      190       1
                bssBANK1                             CF       CF       1E       A0       1
                strings                            1000     1000       16     2000       0

TOTAL           Name                               Link     Load   Length     Space
        CLASS   CODE           
                end_init                              C        C        3         0
                cinit                                 F        F       16         0
                intentry                              4        4        8         0
                reset_vec                             0        0        3         0
                text31                             107F     107F        7         0
                text30                              800      800        D         0
                text29                             11F5     11F5       3C         0
                text28                             108E     108E        9         0
                text27                             1097     1097        9         0
                text26                             10A0     10A0        9         0
                text25                             10A9     10A9        A         0
                text24                             1079     1079        6         0
                text23                             10C9     10C9       1A         0
                text22                             10E3     10E3       24         0
                text21                             10B3     10B3       16         0
                text20                             112B     112B       25         0
                text19                             1367     1367       68         0
                text18                             1183     1183       38         0
                text17                             12B9     12B9       47         0
                text16                             1150     1150       33         0
                text15                             1231     1231       44         0
                text14                             143A     143A       91         0
                text13                             1623     1623      1DD         0
                text12                              7D6      7D6       27         0
                text11                               25       25      529         0
                text10                              54E      54E      288         0
                text9                              1107     1107       24         0
                text8                              14CB     14CB       9C         0
                text7                              1275     1275       44         0
                text6                              11BB     11BB       3A         0
                text5                              1567     1567       BC         0
                text4                               866      866      335         0
                text3                              1300     1300       67         0
                text2                               80D      80D       59         0
                text1                              13CF     13CF       6B         0
                maintext                            B9B      B9B      465         0
                clrtext                            1086     1086        8         0

        CLASS   STRCODE        

        CLASS   STRING         
                strings                            1000     1000       16         0

        CLASS   CONST          

        CLASS   ENTRY          

        CLASS   COMMON         
                cstackCOMMON                         70       70        C         1

        CLASS   BANK0          
                cstackBANK0                          20       20       4F         1

        CLASS   BANK1          
                cstackBANK1                          A0       A0       2F         1
                bssBANK1                             CF       CF       1E         1

        CLASS   BANK2          

        CLASS   BANK3          
                bssBANK3                            190      190        8         1

        CLASS   RAM            

        CLASS   ABS1           
                abs_s1                               7E       7E        2         1

        CLASS   SFR0           

        CLASS   SFR1           

        CLASS   SFR2           

        CLASS   SFR3           

        CLASS   CONFIG         
                config                             2007     2007        2         4

        CLASS   IDLOC          
                idloc                              2000     2000        4         5

        CLASS   EEDATA         

        CLASS   STACK          



SEGMENTS        Name                           Load    Length   Top    Selector   Space  Class     Delta

                reset_vec                      000000  000003  000003         0       0  CODE        2
                intentry                       000004  0007F9  0007FD         8       0  CODE        2
                cstackBANK0                    000020  00004F  00006F        20       1  BANK0       1
                cstackCOMMON                   000070  00000C  00007C        70       1  COMMON      1
                cstackBANK1                    0000A0  00004D  0000ED        A0       1  BANK1       1
                bssBANK3                       000190  000008  000198       190       1  BANK3       1
                text30                         000800  00000D  00080D      1000       0  CODE        2
                text2                          00080D  000059  000866      101A       0  CODE        2
                text4                          000866  000335  000B9B      10CC       0  CODE        2
                maintext                       000B9B  000465  001000      1736       0  CODE        2
                strings                        001000  000016  001016      2000       0  STRING      2
                text24                         001079  000006  00107F      20F2       0  CODE        2
                text31                         00107F  000007  001086      20FE       0  CODE        2
                clrtext                        001086  000008  00108E      210C       0  CODE        2
                text28                         00108E  000009  001097      211C       0  CODE        2
                text27                         001097  000009  0010A0      212E       0  CODE        2
                text26                         0010A0  000009  0010A9      2140       0  CODE        2
                text25                         0010A9  00000A  0010B3      2152       0  CODE        2
                text21                         0010B3  000016  0010C9      2166       0  CODE        2
                text23                         0010C9  00001A  0010E3      2192       0  CODE        2
                text22                         0010E3  000024  001107      21C6       0  CODE        2
                text9                          001107  000024  00112B      220E       0  CODE        2
                text20                         00112B  000025  001150      2256       0  CODE        2
                text16                         001150  000033  001183      22A0       0  CODE        2
                text18                         001183  000038  0011BB      2306       0  CODE        2
                text6                          0011BB  00003A  0011F5      2376       0  CODE        2
                text29                         0011F5  00003C  001231      23EA       0  CODE        2
                text15                         001231  000044  001275      2462       0  CODE        2
                text7                          001275  000044  0012B9      24EA       0  CODE        2
                text17                         0012B9  000047  001300      2572       0  CODE        2
                text3                          001300  000067  001367      2600       0  CODE        2
                text19                         001367  000068  0013CF      26CE       0  CODE        2
                text1                          0013CF  00006B  00143A      279E       0  CODE        2
                text14                         00143A  000091  0014CB      2874       0  CODE        2
                text8                          0014CB  00009C  001567      2996       0  CODE        2
                text5                          001567  0000BC  001623      2ACE       0  CODE        2
                text13                         001623  0001DD  001800      2C46       0  CODE        2


UNUSED ADDRESS RANGES

        Name                Unused          Largest block    Delta
        BANK0            006F-006F              1           1
        BANK1            00ED-00EF              3           1
        BANK2            0110-016F             60           1
        BANK3            0198-01EF             58           1
        CODE             0003-0003              1           2
                         07FD-07FF              3
                         1016-1078             63
                         1800-1FFF            800
        COMMON           007C-007D              2           1
        CONST            0003-0003              1           2
                         07FD-07FF              3
                         1016-1078             63
                         1800-1FFF            100
        EEDATA           2100-21FF            100           2
        ENTRY            0003-0003              1           2
                         07FD-07FF              3
                         1016-1078             63
                         1800-1FFF            100
        RAM              006F-006F              1           1
                         00ED-00EF              3
                         0110-016F             60
                         0198-01EF             58
        SFR0             0000-001F             20           1
        SFR1             0080-009F             20           1
        SFR2             0100-010F             10           1
        SFR3             0180-018F             10           1
        STRCODE          0003-0003              1           2
                         07FD-07FF              3
                         1016-1078             63
                         1800-1FFF            800
        STRING           0003-0003              1           2
                         07FD-07FF              3
                         1016-1078             63
                         1800-1FFF            100

                                  Symbol Table

?_I2C_Master_Read                 cstackCOMMON 0072
?__Umul8_16                       cstackCOMMON 0072
?___awdiv                         cstackCOMMON 0072
?___awmod                         cstackCOMMON 0072
?___fladd                         cstackCOMMON 0072
?___fldiv                         cstackBANK0  003A
?___flmul                         cstackBANK0  005C
?___flsub                         cstackBANK0  0054
?___fltol                         cstackBANK0  0069
?___lldiv                         cstackCOMMON 0072
?___lwdiv                         cstackCOMMON 0072
?___lwmod                         cstackCOMMON 0072
?___xxtofl                        cstackBANK0  002C
?_temperatura                     cstackCOMMON 0072
I2C_Master_Init@c                 cstackBANK0  0025
I2C_Master_Read@a                 cstackCOMMON 0072
I2C_Master_Read@temp              cstackBANK0  0020
I2C_Master_Write@d                cstackCOMMON 0072
Lcd_Cmd@a                         cstackCOMMON 0075
Lcd_Port@a                        cstackCOMMON 0072
Lcd_Set_Cursor@a                  cstackCOMMON 0078
Lcd_Set_Cursor@b                  cstackCOMMON 0076
Lcd_Set_Cursor@temp               cstackCOMMON 0079
Lcd_Write_Char@a                  cstackCOMMON 0074
Lcd_Write_String@a                cstackCOMMON 0077
Lcd_Write_String@i                cstackCOMMON 0075
_ANSEL                            (abs)        0188
_ANSELH                           (abs)        0189
_I2C_Master_Init                  text18       1183
_I2C_Master_Read                  text29       11F5
_I2C_Master_RepeatedStart         text28       108E
_I2C_Master_Start                 text27       1097
_I2C_Master_Stop                  text26       10A0
_I2C_Master_Wait                  text30       0800
_I2C_Master_Write                 text25       10A9
_INTCONbits                       (abs)        000B
_Lcd_Cmd                          text23       10C9
_Lcd_Init                         text17       12B9
_Lcd_Port                         text24       1079
_Lcd_Set_Cursor                   text22       10E3
_Lcd_Write_Char                   text21       10B3
_Lcd_Write_String                 text20       112B
_OPTION_REGbits                   (abs)        0081
_OSCCONbits                       (abs)        008F
_PORTA                            (abs)        0005
_PORTB                            (abs)        0006
_PORTC                            (abs)        0007
_PORTCbits                        (abs)        0007
_PORTD                            (abs)        0008
_RB0                              (abs)        0030
_RB1                              (abs)        0031
_RB2                              (abs)        0032
_RB3                              (abs)        0033
_RC7                              (abs)        003F
_SSPADD                           (abs)        0093
_SSPBUF                           (abs)        0013
_SSPCON                           (abs)        0014
_SSPCON2                          (abs)        0091
_SSPCON2bits                      (abs)        0091
_SSPIE                            (abs)        0463
_SSPIF                            (abs)        0063
_SSPSTAT                          (abs)        0094
_TRISA                            (abs)        0085
_TRISB                            (abs)        0086
_TRISC                            (abs)        0087
_TRISC3                           (abs)        043B
_TRISC4                           (abs)        043C
_TRISCbits                        (abs)        0087
_TRISD                            (abs)        0088
_WPUBbits                         (abs)        0095
__Habs1                           abs1         0000
__Hbank0                          bank0        0000
__Hbank1                          bank1        0000
__Hbank2                          bank2        0000
__Hbank3                          bank3        0000
__HbssBANK1                       bssBANK1     0000
__HbssBANK3                       bssBANK3     0000
__Hcinit                          cinit        0025
__Hclrtext                        clrtext      0000
__Hcode                           code         0000
__Hcommon                         common       0000
__Hconfig                         config       2009
__HcstackBANK0                    cstackBANK0  0000
__HcstackBANK1                    cstackBANK1  0000
__HcstackCOMMON                   cstackCOMMON 0000
__Heeprom_data                    eeprom_data  0000
__Hend_init                       end_init     000F
__Hfunctab                        functab      0000
__Hidloc                          idloc        2004
__Hinit                           init         000C
__Hintentry                       intentry     000C
__Hmaintext                       maintext     0000
__Hpowerup                        powerup      0000
__Hram                            ram          0000
__Hreset_vec                      reset_vec    0003
__Hsfr0                           sfr0         0000
__Hsfr1                           sfr1         0000
__Hsfr2                           sfr2         0000
__Hsfr3                           sfr3         0000
__Hspace_0                        (abs)        1800
__Hspace_1                        (abs)        0198
__Hspace_2                        (abs)        0000
__Hspace_3                        (abs)        0000
__Hspace_4                        (abs)        4010
__Hstack                          stack        0000
__Hstrings                        strings      0000
__Htext                           text         0000
__Labs1                           abs1         0000
__Lbank0                          bank0        0000
__Lbank1                          bank1        0000
__Lbank2                          bank2        0000
__Lbank3                          bank3        0000
__LbssBANK1                       bssBANK1     0000
__LbssBANK3                       bssBANK3     0000
__Lcinit                          cinit        000F
__Lclrtext                        clrtext      0000
__Lcode                           code         0000
__Lcommon                         common       0000
__Lconfig                         config       0000
__LcstackBANK0                    cstackBANK0  0000
__LcstackBANK1                    cstackBANK1  0000
__LcstackCOMMON                   cstackCOMMON 0000
__Leeprom_data                    eeprom_data  0000
__Lend_init                       end_init     000C
__Lfunctab                        functab      0000
__Lidloc                          idloc        0000
__Linit                           init         000C
__Lintentry                       intentry     0004
__Lmaintext                       maintext     0000
__Lpowerup                        powerup      0000
__Lram                            ram          0000
__Lreset_vec                      reset_vec    0000
__Lsfr0                           sfr0         0000
__Lsfr1                           sfr1         0000
__Lsfr2                           sfr2         0000
__Lsfr3                           sfr3         0000
__Lspace_0                        (abs)        0000
__Lspace_1                        (abs)        0000
__Lspace_2                        (abs)        0000
__Lspace_3                        (abs)        0000
__Lspace_4                        (abs)        0000
__Lstack                          stack        0000
__Lstrings                        strings      0000
__Ltext                           text         0000
__S0                              (abs)        1800
__S1                              (abs)        0198
__S3                              (abs)        0000
__Umul8_16                        text12       07D6
__Umul8_16@multiplicand           cstackCOMMON 0072
__Umul8_16@multiplier             cstackCOMMON 007A
__Umul8_16@product                cstackCOMMON 0076
__Umul8_16@word_mpld              cstackCOMMON 0078
___awdiv                          text3        1300
___awdiv@counter                  cstackCOMMON 0077
___awdiv@dividend                 cstackCOMMON 0074
___awdiv@divisor                  cstackCOMMON 0072
___awdiv@quotient                 cstackCOMMON 0079
___awdiv@sign                     cstackCOMMON 0078
___awmod                          text2        080D
___awmod@counter                  cstackCOMMON 0077
___awmod@dividend                 cstackCOMMON 0074
___awmod@divisor                  cstackCOMMON 0072
___awmod@sign                     cstackCOMMON 0078
___fladd                          text10       054E
___fladd@a                        cstackCOMMON 0076
___fladd@aexp                     cstackBANK0  0029
___fladd@b                        cstackCOMMON 0072
___fladd@bexp                     cstackBANK0  002A
___fladd@grs                      cstackBANK0  002B
___fladd@signs                    cstackBANK0  0028
___fldiv                          text13       1623
___fldiv@a                        cstackBANK0  003A
___fldiv@aexp                     cstackBANK0  0053
___fldiv@b                        cstackBANK0  003E
___fldiv@bexp                     cstackBANK0  0052
___fldiv@grs                      cstackBANK0  004E
___fldiv@new_exp                  cstackBANK0  004C
___fldiv@rem                      cstackBANK0  0047
___fldiv@sign                     cstackBANK0  004B
___flmul                          text11       0025
___flmul@a                        cstackBANK0  0060
___flmul@aexp                     cstackBANK1  00A5
___flmul@b                        cstackBANK0  005C
___flmul@bexp                     cstackBANK1  00A6
___flmul@grs                      cstackBANK1  00A1
___flmul@prod                     cstackBANK1  00A7
___flmul@sign                     cstackBANK1  00A0
___flmul@temp                     cstackBANK1  00AB
___flsub                          text9        1107
___flsub@a                        cstackBANK0  0054
___flsub@b                        cstackBANK0  0058
___fltol                          text8        14CB
___fltol@exp1                     cstackBANK0  006E
___fltol@f1                       cstackBANK0  0069
___fltol@sign1                    cstackBANK0  006D
___int_sp                         stack        0000
___latbits                        (abs)        0002
___lldiv                          text19       1367
___lldiv@counter                  cstackBANK0  0024
___lldiv@dividend                 cstackCOMMON 0076
___lldiv@divisor                  cstackCOMMON 0072
___lldiv@quotient                 cstackBANK0  0020
___lwdiv                          text7        1275
___lwdiv@counter                  cstackCOMMON 0079
___lwdiv@dividend                 cstackCOMMON 0074
___lwdiv@divisor                  cstackCOMMON 0072
___lwdiv@quotient                 cstackCOMMON 0077
___lwmod                          text6        11BB
___lwmod@counter                  cstackCOMMON 0077
___lwmod@dividend                 cstackCOMMON 0074
___lwmod@divisor                  cstackCOMMON 0072
___sp                             stack        0000
___stackhi                        (abs)        0000
___stacklo                        (abs)        0000
___xxtofl                         text5        1567
___xxtofl@arg                     cstackBANK0  0036
___xxtofl@exp                     cstackBANK0  0035
___xxtofl@sign                    cstackBANK0  0034
___xxtofl@val                     cstackBANK0  002C
__end_of_I2C_Master_Init          text18       11BB
__end_of_I2C_Master_Read          text29       1231
__end_of_I2C_Master_RepeatedStart text28       1097
__end_of_I2C_Master_Start         text27       10A0
__end_of_I2C_Master_Stop          text26       10A9
__end_of_I2C_Master_Wait          text30       080D
__end_of_I2C_Master_Write         text25       10B3
__end_of_Lcd_Cmd                  text23       10E3
__end_of_Lcd_Init                 text17       1300
__end_of_Lcd_Port                 text24       107F
__end_of_Lcd_Set_Cursor           text22       1107
__end_of_Lcd_Write_Char           text21       10C9
__end_of_Lcd_Write_String         text20       1150
__end_of__Umul8_16                text12       07FD
__end_of___awdiv                  text3        1367
__end_of___awmod                  text2        0866
__end_of___fladd                  text10       07D6
__end_of___fldiv                  text13       1800
__end_of___flmul                  text11       054E
__end_of___flsub                  text9        112B
__end_of___fltol                  text8        1567
__end_of___lldiv                  text19       13CF
__end_of___lwdiv                  text7        12B9
__end_of___lwmod                  text6        11F5
__end_of___xxtofl                 text5        1623
__end_of__initialization          cinit        0021
__end_of__stringtab               strings      1006
__end_of_init_osc_MHz             text16       1183
__end_of_isr                      text31       1086
__end_of_main                     maintext     1000
__end_of_setup                    text15       1275
__end_of_temperatura              text14       14CB
__end_of_valor_temperatura        text4        0B9B
__end_of_valor_voltaje            text1        143A
__initialization                  cinit        000F
__pbssBANK1                       bssBANK1     00CF
__pbssBANK3                       bssBANK3     0190
__pcstackBANK0                    cstackBANK0  0020
__pcstackBANK1                    cstackBANK1  00A0
__pcstackCOMMON                   cstackCOMMON 0070
__pintentry                       intentry     0004
__pmaintext                       maintext     0B9B
__pstrings                        strings      1000
__ptext1                          text1        13CF
__ptext10                         text10       054E
__ptext11                         text11       0025
__ptext12                         text12       07D6
__ptext13                         text13       1623
__ptext14                         text14       143A
__ptext15                         text15       1231
__ptext16                         text16       1150
__ptext17                         text17       12B9
__ptext18                         text18       1183
__ptext19                         text19       1367
__ptext2                          text2        080D
__ptext20                         text20       112B
__ptext21                         text21       10B3
__ptext22                         text22       10E3
__ptext23                         text23       10C9
__ptext24                         text24       1079
__ptext25                         text25       10A9
__ptext26                         text26       10A0
__ptext27                         text27       1097
__ptext28                         text28       108E
__ptext29                         text29       11F5
__ptext3                          text3        1300
__ptext30                         text30       0800
__ptext31                         text31       107F
__ptext4                          text4        0866
__ptext5                          text5        1567
__ptext6                          text6        11BB
__ptext7                          text7        1275
__ptext8                          text8        14CB
__ptext9                          text9        1107
__stringbase                      strings      1005
__stringtab                       strings      1000
_calor                            bssBANK1     00CF
_config                           bssBANK1     00E8
_cont1                            bssBANK1     00DF
_ctrl_meas                        bssBANK1     00E7
_dig_T1                           bssBANK1     00E5
_dig_T2                           bssBANK1     00E3
_dig_T3                           bssBANK1     00E1
_init_osc_MHz                     text16       1150
_isr                              text31       107F
_main                             maintext     0B9B
_main$1035                        cstackBANK1  00CB
_setup                            text15       1231
_temp                             bssBANK3     0194
_tempA                            bssBANK1     00EC
_tempB                            bssBANK1     00EB
_tempC                            bssBANK1     00EA
_temperatura                      text14       143A
_val_canal0                       bssBANK1     00E9
_valor                            bssBANK1     00DD
_valor_temperatura                text4        0866
_valor_temperatura$1036           cstackBANK1  00C2
_valor_voltaje                    text1        13CF
_voltage1                         bssBANK1     00D9
btemp                             (abs)        007E
clear_ram0                        clrtext      1086
end_of_initialization             cinit        0021
init_osc_MHz@freq                 cstackCOMMON 0074
interrupt_function                intentry     0004
intlevel0                         functab      0000
intlevel1                         functab      0000
intlevel2                         functab      0000
intlevel3                         functab      0000
intlevel4                         functab      0000
intlevel5                         functab      0000
reset_vec                         reset_vec    0000
saved_w                           (abs)        007E
start                             init         000C
start_initialization              cinit        000F
temperatura@a                     cstackCOMMON 0076
temperatura@b                     cstackCOMMON 0072
temperatura@c                     cstackCOMMON 0073
temperatura@medida                cstackCOMMON 0078
temperatura@variable              cstackCOMMON 0077
valor_temperatura@T               cstackBANK1  00C6
valor_temperatura@sensor          cstackBANK1  00B2
valor_temperatura@t_fine          cstackBANK1  00BE
valor_temperatura@var1            cstackBANK1  00B6
valor_temperatura@var2            cstackBANK1  00BA
valor_voltaje@valor_adc           cstackBANK0  0020
wtemp0                            (abs)        007E


MODULE INFORMATION

Module		Function		Class		Link	Load	Size
C:\Program Files\Microchip\xc8\v2.35\pic\sources\c90\common\awmod.c
		___awmod       		CODE           	080D	0000	89

C:\Program Files\Microchip\xc8\v2.35\pic\sources\c90\common\awmod.c estimated size: 89

C:\Program Files\Microchip\xc8\v2.35\pic\sources\c90\common\xxtofl.c
		___xxtofl      		CODE           	1567	0000	188

C:\Program Files\Microchip\xc8\v2.35\pic\sources\c90\common\xxtofl.c estimated size: 188

C:\Program Files\Microchip\xc8\v2.35\pic\sources\c90\common\lwdiv.c
		___lwdiv       		CODE           	1275	0000	68

C:\Program Files\Microchip\xc8\v2.35\pic\sources\c90\common\lwdiv.c estimated size: 68

C:\Program Files\Microchip\xc8\v2.35\pic\sources\c90\common\fltol.c
		___fltol       		CODE           	14CB	0000	156

C:\Program Files\Microchip\xc8\v2.35\pic\sources\c90\common\fltol.c estimated size: 156

I2C.c
		_I2C_Master_Read		CODE           	11F5	0000	60
		_I2C_Master_Wait		CODE           	0800	0000	13
		_I2C_Master_Init		CODE           	1183	0000	56
		_I2C_Master_Stop		CODE           	10A0	0000	9
		_I2C_Master_RepeatedStart		CODE           	108E	0000	9
		_I2C_Master_Write		CODE           	10A9	0000	10
		_I2C_Master_Start		CODE           	1097	0000	9

I2C.c estimated size: 166

C:\Program Files\Microchip\xc8\v2.35\pic\sources\c90\common\awdiv.c
		___awdiv       		CODE           	1300	0000	103

C:\Program Files\Microchip\xc8\v2.35\pic\sources\c90\common\awdiv.c estimated size: 103

C:\Program Files\Microchip\xc8\v2.35\pic\sources\c90\common\sprcmul.c
		___flmul       		CODE           	0025	0000	1321

C:\Program Files\Microchip\xc8\v2.35\pic\sources\c90\common\sprcmul.c estimated size: 1321

Oscilador.c
		_init_osc_MHz  		CODE           	1150	0000	51

Oscilador.c estimated size: 51

C:\Program Files\Microchip\xc8\v2.35\pic\sources\c90\common\__lldiv.c
		___lldiv       		CODE           	1367	0000	104

C:\Program Files\Microchip\xc8\v2.35\pic\sources\c90\common\__lldiv.c estimated size: 104

C:\Program Files\Microchip\xc8\v2.35\pic\sources\c90\common\sprcdiv.c
		___fldiv       		CODE           	1623	0000	477

C:\Program Files\Microchip\xc8\v2.35\pic\sources\c90\common\sprcdiv.c estimated size: 477

shared
		__stringtab    		STRING         	1000	0000	6
		__initialization		CODE           	000F	0000	18

shared estimated size: 24

C:\Program Files\Microchip\xc8\v2.35\pic\sources\c90\common\Umul8_16.c
		__Umul8_16     		CODE           	07D6	0000	39

C:\Program Files\Microchip\xc8\v2.35\pic\sources\c90\common\Umul8_16.c estimated size: 39

MASTER.c
		_temperatura   		CODE           	143A	0000	145
		_valor_voltaje 		CODE           	13CF	0000	107
		_main          		CODE           	0B9B	0000	1125
		_isr           		CODE           	107F	0000	7
		_setup         		CODE           	1231	0000	68
		_valor_temperatura		CODE           	0866	0000	821

MASTER.c estimated size: 2273

C:\Program Files\Microchip\xc8\v2.35\pic\sources\c90\common\lwmod.c
		___lwmod       		CODE           	11BB	0000	58

C:\Program Files\Microchip\xc8\v2.35\pic\sources\c90\common\lwmod.c estimated size: 58

C:\Program Files\Microchip\xc8\v2.35\pic\sources\c90\common\sprcadd.c
		___flsub       		CODE           	1107	0000	36
		___fladd       		CODE           	054E	0000	648

C:\Program Files\Microchip\xc8\v2.35\pic\sources\c90\common\sprcadd.c estimated size: 684

LCD.c
		_Lcd_Write_String		CODE           	112B	0000	37
		_Lcd_Init      		CODE           	12B9	0000	71
		_Lcd_Write_Char		CODE           	10B3	0000	22
		_Lcd_Cmd       		CODE           	10C9	0000	26
		_Lcd_Set_Cursor		CODE           	10E3	0000	36
		_Lcd_Port      		CODE           	1079	0000	6

LCD.c estimated size: 198

